Retrieving notices: ...working... done
Channels:
 - conda-forge
Platform: linux-64
Collecting package metadata (repodata.json): ...working... done
Solving environment: ...working... done

## Package Plan ##

  environment location: /home/admin_wsl/miniforge3/envs/sih-ml

  added / updated specs:
    - gdal
    - matplotlib
    - numpy
    - pandas
    - pyarrow
    - python=3.12
    - scikit-learn
    - scipy
    - shapely


The following packages will be downloaded:

    package                    |            build
    ---------------------------|-----------------
    gdal-3.13.3                |np2py312h090401e_2         2.4 MB  conda-forge
    giflib-6.1.3               |       hebe6cf0_2          84 KB  conda-forge
    libclang-cpp23.1-23.1.2    |default_h0acdd01_0        24.2 MB  conda-forge
    libclang13-23.1.2          |default_hfab3205_0        14.7 MB  conda-forge
    libgdal-core-3.13.3        |       h7fa801c_2        14.5 MB  conda-forge
    libllvm21-21.1.8           |       h474f4eb_1        42.7 MB  conda-forge
    libllvm23-23.1.2           |       h474f4eb_0        43.0 MB  conda-forge
    libpq-18.6                 |       h3883810_2        11.9 MB  conda-forge
    libspatialite-5.1.0        | gpl_h2988700_122         3.8 MB  conda-forge
    libxslt-1.1.45             |       h8e12856_1         244 KB  conda-forge
    matplotlib-3.11.2          |  py312h6a12a82_1          15 KB  conda-forge
    muparser-2.3.5             |       hee9eb32_1         228 KB  conda-forge
    proj-9.9.0                 |       h3767062_0         3.6 MB  conda-forge
    pyside6-6.11.2             |  py312hf520645_1        13.3 MB  conda-forge
    xorg-xorgproto-2025.1      |       hebe6cf0_3         582 KB  conda-forge
    ------------------------------------------------------------
                                           Total:       175.3 MB

The following NEW packages will be INSTALLED:

  _openmp_mutex      conda-forge/linux-64::_openmp_mutex-4.5-20_gnu 
  alsa-lib           conda-forge/linux-64::alsa-lib-1.2.16.1-h7cc23a3_1 
  aws-c-auth         conda-forge/linux-64::aws-c-auth-0.10.4-hb7a77c6_1 
  aws-c-cal          conda-forge/linux-64::aws-c-cal-0.9.14-h2aa3ae6_4 
  aws-c-common       conda-forge/linux-64::aws-c-common-0.14.2-hb03c661_0 
  aws-c-compression  conda-forge/linux-64::aws-c-compression-0.3.2-h720e601_4 
  aws-c-event-stream conda-forge/linux-64::aws-c-event-stream-0.7.1-h6ffeea8_4 
  aws-c-http         conda-forge/linux-64::aws-c-http-0.11.0-h38ae05a_4 
  aws-c-io           conda-forge/linux-64::aws-c-io-0.27.3-h6f4d18d_1 
  aws-c-mqtt         conda-forge/linux-64::aws-c-mqtt-0.16.0-h21f4ec5_2 
  aws-c-s3           conda-forge/linux-64::aws-c-s3-0.12.8-h46fcd08_1 
  aws-c-sdkutils     conda-forge/linux-64::aws-c-sdkutils-0.2.7-h720e601_2 
  aws-checksums      conda-forge/linux-64::aws-checksums-0.2.10-h720e601_4 
  aws-crt-cpp        conda-forge/linux-64::aws-crt-cpp-0.40.1-h102d43b_3 
  aws-sdk-cpp        conda-forge/linux-64::aws-sdk-cpp-1.11.833-hc7390e0_9 
  azure-core-cpp     conda-forge/linux-64::azure-core-cpp-1.16.3-h206d751_0 
  azure-identity-cpp conda-forge/linux-64::azure-identity-cpp-1.13.3-h71f81a8_2 
  azure-storage-blo~ conda-forge/linux-64::azure-storage-blobs-cpp-12.18.0-h74b55db_1 
  azure-storage-com~ conda-forge/linux-64::azure-storage-common-cpp-12.14.0-hf596fc9_1 
  azure-storage-fil~ conda-forge/linux-64::azure-storage-files-datalake-cpp-12.16.0-h1f05bef_1 
  blosc              conda-forge/linux-64::blosc-1.21.6-he440d0b_1 
  brotli             conda-forge/linux-64::brotli-1.2.0-h505cf86_4 
  brotli-bin         conda-forge/linux-64::brotli-bin-1.2.0-h9908984_4 
  bzip2              conda-forge/linux-64::bzip2-1.0.8-hda65f42_10 
  c-ares             conda-forge/linux-64::c-ares-1.34.8-hebe6cf0_2 
  ca-certificates    conda-forge/noarch::ca-certificates-2026.7.22-hbd8a1cb_0 
  cairo              conda-forge/linux-64::cairo-1.18.6-h3c89d7e_0 
  cloudpickle        conda-forge/noarch::cloudpickle-3.1.2-pyhcf101f3_1 
  contourpy          conda-forge/linux-64::contourpy-1.4.0-py312h9be0db6_1 
  cycler             conda-forge/noarch::cycler-0.12.1-pyhcf101f3_2 
  cyrus-sasl         conda-forge/linux-64::cyrus-sasl-2.1.28-hac629b4_1 
  dbus               conda-forge/linux-64::dbus-1.16.2-he8c428d_2 
  double-conversion  conda-forge/linux-64::double-conversion-3.4.0-hecca717_0 
  font-ttf-dejavu-s~ conda-forge/noarch::font-ttf-dejavu-sans-mono-2.37-hab24e00_0 
  font-ttf-inconsol~ conda-forge/noarch::font-ttf-inconsolata-3.000-h77eed37_0 
  font-ttf-source-c~ conda-forge/noarch::font-ttf-source-code-pro-2.038-h77eed37_0 
  font-ttf-ubuntu    conda-forge/noarch::font-ttf-ubuntu-0.83-h77eed37_3 
  fontconfig         conda-forge/linux-64::fontconfig-2.18.3-h4db4eae_1 
  fonts-conda-ecosy~ conda-forge/noarch::fonts-conda-ecosystem-1-0 
  fonts-conda-forge  conda-forge/noarch::fonts-conda-forge-1-hc364b38_1 
  fonttools          conda-forge/linux-64::fonttools-4.66.0-py312hfd18d64_0 
  freetype           conda-forge/linux-64::freetype-2.14.3-ha770c72_2 
  freexl             conda-forge/linux-64::freexl-2.0.0-h1f12c17_3 
  fribidi            conda-forge/linux-64::fribidi-1.0.17-h7cc23a3_0 
  gdal               conda-forge/linux-64::gdal-3.13.3-np2py312h090401e_2 
  geos               conda-forge/linux-64::geos-3.14.1-h55b0958_0 
  gflags             conda-forge/linux-64::gflags-2.3.1-h54a6638_0 
  giflib             conda-forge/linux-64::giflib-6.1.3-hebe6cf0_2 
  glog               conda-forge/linux-64::glog-0.7.1-hb7133d2_1 
  graphite2          conda-forge/linux-64::graphite2-1.3.15-h54a6638_1 
  icu                conda-forge/linux-64::icu-78.3-py310h44b86e0_2 
  joblib             conda-forge/noarch::joblib-1.6.0-pyhcf101f3_0 
  json-c             conda-forge/linux-64::json-c-0.18-hebe6cf0_2 
  keyutils           conda-forge/linux-64::keyutils-1.6.3-h7cc23a3_1 
  kiwisolver         conda-forge/linux-64::kiwisolver-1.5.1-py312h9be0db6_3 
  krb5               conda-forge/linux-64::krb5-1.22.2-hbc21106_2 
  lcms2              conda-forge/linux-64::lcms2-2.19.1-h9073bf1_3 
  ld_impl_linux-64   conda-forge/linux-64::ld_impl_linux-64-2.46.1-default_hbd61a6d_102 
  lerc               conda-forge/linux-64::lerc-4.2.0-hdb68285_0 
  libabseil          conda-forge/linux-64::libabseil-20260526.0-cxx17_h0dc7533_2 
  libarchive         conda-forge/linux-64::libarchive-3.8.9-gpl_h3152399_101 
  libarrow           conda-forge/linux-64::libarrow-25.0.0-hcc2f0d9_4_cpu 
  libarrow-acero     conda-forge/linux-64::libarrow-acero-25.0.0-h635bf11_4_cpu 
  libarrow-compute   conda-forge/linux-64::libarrow-compute-25.0.0-h53684a4_4_cpu 
  libarrow-dataset   conda-forge/linux-64::libarrow-dataset-25.0.0-h635bf11_4_cpu 
  libarrow-substrait conda-forge/linux-64::libarrow-substrait-25.0.0-h66fbfdd_4_cpu 
  libblas            conda-forge/linux-64::libblas-3.11.0-11_h4a7cf45_openblas 
  libbrotlicommon    conda-forge/linux-64::libbrotlicommon-1.2.0-h39a168f_4 
  libbrotlidec       conda-forge/linux-64::libbrotlidec-1.2.0-ha411449_4 
  libbrotlienc       conda-forge/linux-64::libbrotlienc-1.2.0-h018ffa1_4 
  libcblas           conda-forge/linux-64::libcblas-3.11.0-11_h0358290_openblas 
  libclang-cpp23.1   conda-forge/linux-64::libclang-cpp23.1-23.1.2-default_h0acdd01_0 
  libclang13         conda-forge/linux-64::libclang13-23.1.2-default_hfab3205_0 
  libcrc32c          conda-forge/linux-64::libcrc32c-1.1.2-h9c3ff4c_0 
  libcups            conda-forge/linux-64::libcups-2.3.3-h7a8fb5f_6 
  libcurl            conda-forge/linux-64::libcurl-8.22.0-ha042cf0_0 
  libdeflate         conda-forge/linux-64::libdeflate-1.25-hd45a770_1 
  libdrm             conda-forge/linux-64::libdrm-2.4.129-h7cc23a3_0 
  libedit            conda-forge/linux-64::libedit-3.1.20250104-pl5321h373387f_1 
  libegl             conda-forge/linux-64::libegl-1.7.0-ha4b6fd6_5 
  libegl-devel       conda-forge/linux-64::libegl-devel-1.7.0-ha4b6fd6_5 
  libev              conda-forge/linux-64::libev-4.33-h280c20c_3 
  libevent           conda-forge/linux-64::libevent-2.1.12-h5348a74_2 
  libexpat           conda-forge/linux-64::libexpat-2.8.5-hd2095e1_0 
  libffi             conda-forge/linux-64::libffi-3.7.0-h81df57d_1 
  libfreetype        conda-forge/linux-64::libfreetype-2.14.3-ha770c72_2 
  libfreetype6       conda-forge/linux-64::libfreetype6-2.14.3-h5e6c136_2 
  libgcc             conda-forge/linux-64::libgcc-16.2.0-ha9f2e26_7 
  libgcc-ng          conda-forge/linux-64::libgcc-ng-16.2.0-h69a702a_7 
  libgdal-core       conda-forge/linux-64::libgdal-core-3.13.3-h7fa801c_2 
  libgfortran        conda-forge/linux-64::libgfortran-16.2.0-h69a702a_7 
  libgfortran5       conda-forge/linux-64::libgfortran5-16.2.0-h6b99dfc_7 
  libgl              conda-forge/linux-64::libgl-1.7.0-ha4b6fd6_5 
  libgl-devel        conda-forge/linux-64::libgl-devel-1.7.0-ha4b6fd6_5 
  libglib            conda-forge/linux-64::libglib-2.90.0-h569388d_0 
  libglvnd           conda-forge/linux-64::libglvnd-1.7.0-ha4b6fd6_5 
  libglx             conda-forge/linux-64::libglx-1.7.0-ha4b6fd6_5 
  libglx-devel       conda-forge/linux-64::libglx-devel-1.7.0-ha4b6fd6_5 
  libgomp            conda-forge/linux-64::libgomp-16.2.0-he0feb66_7 
  libgoogle-cloud    conda-forge/linux-64::libgoogle-cloud-3.8.0-hbc29df5_0 
  libgoogle-cloud-s~ conda-forge/linux-64::libgoogle-cloud-storage-3.8.0-hdbdcf42_0 
  libgrpc            conda-forge/linux-64::libgrpc-1.82.1-h284dbb2_1 
  libharfbuzz        conda-forge/linux-64::libharfbuzz-14.5.0-h23af247_0 
  libhwy             conda-forge/linux-64::libhwy-1.4.0-h57c4cff_1 
  libiconv           conda-forge/linux-64::libiconv-1.18-h0cb94f2_3 
  libjpeg-turbo      conda-forge/linux-64::libjpeg-turbo-3.2.0-hb03c661_1 
  libjxl             conda-forge/linux-64::libjxl-0.12.0-heb2dce7_2 
  libkml             conda-forge/linux-64::libkml-1.3.0-haa4a5bd_1023 
  liblapack          conda-forge/linux-64::liblapack-3.11.0-11_h47877c9_openblas 
  libllvm21          conda-forge/linux-64::libllvm21-21.1.8-h474f4eb_1 
  libllvm23          conda-forge/linux-64::libllvm23-23.1.2-h474f4eb_0 
  liblzma            conda-forge/linux-64::liblzma-5.8.3-hb03c661_1 
  libnghttp2         conda-forge/linux-64::libnghttp2-1.68.1-h74cf4be_1 
  libnsl             conda-forge/linux-64::libnsl-2.0.1-hb9d3cd8_1 
  libntlm            conda-forge/linux-64::libntlm-1.8-hb9d3cd8_0 
  libopenblas        conda-forge/linux-64::libopenblas-0.3.34-pthreads_hf13c14d_2 
  libopengl          conda-forge/linux-64::libopengl-1.7.0-ha4b6fd6_5 
  libopentelemetry-~ conda-forge/linux-64::libopentelemetry-cpp-1.27.0-h3133023_1 
  libopentelemetry-~ conda-forge/linux-64::libopentelemetry-cpp-headers-1.27.0-ha770c72_1 
  libparquet         conda-forge/linux-64::libparquet-25.0.0-h7376487_4_cpu 
  libpciaccess       conda-forge/linux-64::libpciaccess-0.19-hb03c661_1 
  libpng             conda-forge/linux-64::libpng-1.6.58-h922cc85_1 
  libpq              conda-forge/linux-64::libpq-18.6-h3883810_2 
  libprotobuf        conda-forge/linux-64::libprotobuf-7.35.1-h622638d_3 
  libpsl             conda-forge/linux-64::libpsl-0.23.1-hd9e3e90_1 
  libpython          conda-forge/linux-64::libpython-3.12.14-h0c77377_3_cpython 
  libraqm            conda-forge/linux-64::libraqm-0.11.0-h6406941_0 
  libre2-11          conda-forge/linux-64::libre2-11-2025.11.05-h60473fc_2 
  librttopo          conda-forge/linux-64::librttopo-1.1.0-h55b0958_21 
  libspatialite      conda-forge/linux-64::libspatialite-5.1.0-gpl_h2988700_122 
  libsqlite          conda-forge/linux-64::libsqlite-3.53.4-h13e7031_1 
  libssh2            conda-forge/linux-64::libssh2-1.11.1-h6154650_1 
  libstdcxx          conda-forge/linux-64::libstdcxx-16.2.0-h934c35e_7 
  libstdcxx-ng       conda-forge/linux-64::libstdcxx-ng-16.2.0-hdf11a46_7 
  libthrift          conda-forge/linux-64::libthrift-0.22.0-h7d032f7_2 
  libtiff            conda-forge/linux-64::libtiff-4.7.2-hcc2c06a_1 
  libutf8proc        conda-forge/linux-64::libutf8proc-2.11.3-hfe17d71_0 
  libuuid            conda-forge/linux-64::libuuid-2.42.4-hcfc3c73_0 
  libvulkan-loader   conda-forge/linux-64::libvulkan-loader-1.4.357.0-h0e34353_2 
  libwebp-base       conda-forge/linux-64::libwebp-base-1.6.0-hd42ef1d_1 
  libxcb             conda-forge/linux-64::libxcb-1.17.0-hb83e432_2 
  libxcrypt          conda-forge/linux-64::libxcrypt-4.4.38-h280c20c_0 
  libxkbcommon       conda-forge/linux-64::libxkbcommon-1.13.2-h51789e4_1 
  libxml2            conda-forge/linux-64::libxml2-2.15.4-h7df9aa5_0 
  libxml2-16         conda-forge/linux-64::libxml2-16-2.15.4-hf3af7cc_0 
  libxml2-devel      conda-forge/linux-64::libxml2-devel-2.15.4-h7df9aa5_0 
  libxslt            conda-forge/linux-64::libxslt-1.1.45-h8e12856_1 
  libzlib            conda-forge/linux-64::libzlib-1.3.2-h25fd6f3_3 
  lz4-c              conda-forge/linux-64::lz4-c-1.10.0-hee9eb32_2 
  lzo                conda-forge/linux-64::lzo-2.10-hebe6cf0_1003 
  matplotlib         conda-forge/linux-64::matplotlib-3.11.2-py312h6a12a82_1 
  matplotlib-base    conda-forge/linux-64::matplotlib-base-3.11.2-py312hfe9aac7_1 
  minizip            conda-forge/linux-64::minizip-4.2.2-haac24f3_1 
  munkres            conda-forge/noarch::munkres-1.1.4-pyhd8ed1ab_1 
  muparser           conda-forge/linux-64::muparser-2.3.5-hee9eb32_1 
  narwhals           conda-forge/noarch::narwhals-2.26.0-pyh5ded981_0 
  ncurses            conda-forge/linux-64::ncurses-6.6-hdb14827_1 
  nlohmann_json      conda-forge/linux-64::nlohmann_json-3.12.0-h54a6638_2 
  numpy              conda-forge/linux-64::numpy-2.5.3-py312he827f4e_0 
  openjpeg           conda-forge/linux-64::openjpeg-2.5.4-heb1ab33_2 
  openldap           conda-forge/linux-64::openldap-2.6.13-hbde042b_0 
  openssl            conda-forge/linux-64::openssl-3.6.4-h781a0a9_0 
  orc                conda-forge/linux-64::orc-2.3.1-h443056b_0 
  packaging          conda-forge/noarch::packaging-26.3-pyhc364b38_0 
  pandas             conda-forge/linux-64::pandas-3.0.6-np2py312h91ec553_0 
  pcre2              conda-forge/linux-64::pcre2-10.47-h8b3dc9c_1 
  pillow             conda-forge/linux-64::pillow-12.3.0-py312h38079b3_4 
  pip                conda-forge/noarch::pip-26.2.1-pyh8b19718_0 
  pixman             conda-forge/linux-64::pixman-0.46.4-h54a6638_3 
  proj               conda-forge/linux-64::proj-9.9.0-h3767062_0 
  prometheus-cpp     conda-forge/linux-64::prometheus-cpp-1.3.0-h26ae035_1 
  pthread-stubs      conda-forge/linux-64::pthread-stubs-0.4-h7cc23a3_1004 
  pyarrow            conda-forge/linux-64::pyarrow-25.0.0-py312h7900ff3_0 
  pyarrow-core       conda-forge/linux-64::pyarrow-core-25.0.0-py312h2054cf2_0_cpu 
  pyparsing          conda-forge/noarch::pyparsing-3.3.3-pyh5ded981_0 
  pyside6            conda-forge/linux-64::pyside6-6.11.2-py312hf520645_1 
  python             conda-forge/linux-64::python-3.12.14-h5f976f7_3_cpython 
  python-dateutil    conda-forge/noarch::python-dateutil-2.9.0.post0-pyhe01879c_2 
  python_abi         conda-forge/noarch::python_abi-3.12-9_cp312 
  qhull              conda-forge/linux-64::qhull-2020.2-h434a139_5 
  qt6-main           conda-forge/linux-64::qt6-main-6.11.2-pl5321h9df5c37_0 
  re2                conda-forge/linux-64::re2-2025.11.05-h94463f1_2 
  readline           conda-forge/linux-64::readline-8.3-hd6e31c0_1 
  s2n                conda-forge/linux-64::s2n-1.7.5-h7e3ee7f_1 
  scikit-learn       conda-forge/linux-64::scikit-learn-1.9.1-np2py312h91ec553_1 
  scipy              conda-forge/linux-64::scipy-1.18.1-py312h106c528_1 
  setuptools         conda-forge/noarch::setuptools-84.0.0-pyh332efcf_0 
  shapely            conda-forge/linux-64::shapely-2.1.2-py312ha95667c_3 
  six                conda-forge/noarch::six-1.17.0-pyhe01879c_1 
  snappy             conda-forge/linux-64::snappy-1.2.2-h34e00bb_2 
  sqlite             conda-forge/linux-64::sqlite-3.53.4-h9ffa6c4_1 
  threadpoolctl      conda-forge/noarch::threadpoolctl-3.7.0-pyhc455866_0 
  tk                 conda-forge/linux-64::tk-8.6.13-noxft_h1df4ec4_4 
  tornado            conda-forge/linux-64::tornado-6.5.10-py312h5cc1888_0 
  tzdata             conda-forge/noarch::tzdata-2026c-h151e31d_0 
  unicodedata2       conda-forge/linux-64::unicodedata2-18.0.0-py312h5cc1888_0 
  uriparser          conda-forge/linux-64::uriparser-0.9.8-hac33072_0 
  wayland            conda-forge/linux-64::wayland-1.26.0-hc1c935e_2 
  wheel              conda-forge/noarch::wheel-0.48.0-pyhd8ed1ab_0 
  xcb-util           conda-forge/linux-64::xcb-util-0.4.1-h4f16b4b_2 
  xcb-util-cursor    conda-forge/linux-64::xcb-util-cursor-0.1.6-hb03c661_0 
  xcb-util-image     conda-forge/linux-64::xcb-util-image-0.4.0-hb711507_2 
  xcb-util-keysyms   conda-forge/linux-64::xcb-util-keysyms-0.4.1-hb711507_0 
  xcb-util-renderut~ conda-forge/linux-64::xcb-util-renderutil-0.3.10-hb711507_0 
  xcb-util-wm        conda-forge/linux-64::xcb-util-wm-0.4.2-hb711507_0 
  xerces-c           conda-forge/linux-64::xerces-c-3.3.0-h78fed68_2 
  xkeyboard-config   conda-forge/linux-64::xkeyboard-config-2.48-h280c20c_0 
  xorg-libice        conda-forge/linux-64::xorg-libice-1.1.2-h280c20c_0 
  xorg-libsm         conda-forge/linux-64::xorg-libsm-1.2.6-h0d788c3_1 
  xorg-libx11        conda-forge/linux-64::xorg-libx11-1.8.13-he1eb515_1 
  xorg-libxau        conda-forge/linux-64::xorg-libxau-1.0.12-h7cc23a3_2 
  xorg-libxcomposite conda-forge/linux-64::xorg-libxcomposite-0.4.7-hb03c661_0 
  xorg-libxcursor    conda-forge/linux-64::xorg-libxcursor-1.2.3-hb9d3cd8_0 
  xorg-libxdamage    conda-forge/linux-64::xorg-libxdamage-1.1.6-hb9d3cd8_0 
  xorg-libxdmcp      conda-forge/linux-64::xorg-libxdmcp-1.1.5-h7cc23a3_2 
  xorg-libxext       conda-forge/linux-64::xorg-libxext-1.3.7-h7cc23a3_1 
  xorg-libxfixes     conda-forge/linux-64::xorg-libxfixes-6.0.2-h7cc23a3_1 
  xorg-libxi         conda-forge/linux-64::xorg-libxi-1.8.3-h7cc23a3_1 
  xorg-libxrandr     conda-forge/linux-64::xorg-libxrandr-1.5.5-h7cc23a3_1 
  xorg-libxrender    conda-forge/linux-64::xorg-libxrender-0.9.12-hb03c661_1 
  xorg-libxtst       conda-forge/linux-64::xorg-libxtst-1.2.5-h7cc23a3_4 
  xorg-libxxf86vm    conda-forge/linux-64::xorg-libxxf86vm-1.1.7-hb03c661_0 
  xorg-xorgproto     conda-forge/linux-64::xorg-xorgproto-2025.1-hebe6cf0_3 
  zlib               conda-forge/linux-64::zlib-1.3.2-h25fd6f3_3 
  zlib-ng            conda-forge/linux-64::zlib-ng-2.3.3-hce19668_1 
  zstd               conda-forge/linux-64::zstd-1.5.7-hb78ec9c_7 



Downloading and Extracting Packages: ...working... done
Preparing transaction: ...working... done
Verifying transaction: ...working... done
Executing transaction: ...working... done
WARNING conda.conda_pypi.main:notify_externally_managed_future(156): 
  Did you know? You can install many PyPI packages with conda
  using the conda-pypi beta. Get started:
    https://docs.conda.io/projects/conda/en/stable/new-features.html

#
# To activate this environment, use
#
#     $ conda activate sih-ml
#
# To deactivate an active environment, use
#
#     $ conda deactivate

Looking in indexes: https://download.pytorch.org/whl/cu128
Collecting torch
  Downloading torch-2.11.0%2Bcu128-cp312-cp312-manylinux_2_28_x86_64.whl.metadata (29 kB)
Collecting torchvision
  Downloading torchvision-0.26.0%2Bcu128-cp312-cp312-manylinux_2_28_x86_64.whl.metadata (5.5 kB)
Collecting filelock (from torch)
  Downloading filelock-3.32.3-py3-none-any.whl.metadata (2.0 kB)
Collecting typing-extensions>=4.10.0 (from torch)
  Downloading typing_extensions-4.16.0-py3-none-any.whl.metadata (3.3 kB)
Collecting setuptools<82 (from torch)
  Downloading setuptools-78.1.0-py3-none-any.whl.metadata (6.6 kB)
Collecting sympy>=1.13.3 (from torch)
  Downloading sympy-1.14.0-py3-none-any.whl.metadata (12 kB)
Collecting networkx>=2.5.1 (from torch)
  Downloading networkx-3.6.1-py3-none-any.whl.metadata (6.8 kB)
Collecting jinja2 (from torch)
  Downloading jinja2-3.1.6-py3-none-any.whl.metadata (2.9 kB)
Collecting fsspec>=0.8.5 (from torch)
  Downloading fsspec-2026.7.0-py3-none-any.whl.metadata (10 kB)
Collecting cuda-toolkit==12.8.1 (from cuda-toolkit[cublas,cudart,cufft,cufile,cupti,curand,cusolver,cusparse,nvjitlink,nvrtc,nvtx]==12.8.1; platform_system == "Linux"->torch)
  Downloading cuda_toolkit-12.8.1-py2.py3-none-any.whl (2.3 kB)
Collecting cuda-bindings<13,>=12.9.4 (from torch)
  Downloading cuda_bindings-12.9.7-cp312-cp312-manylinux_2_24_x86_64.manylinux_2_28_x86_64.whl.metadata (2.6 kB)
Collecting nvidia-cudnn-cu12==9.19.0.56 (from torch)
  Downloading nvidia_cudnn_cu12-9.19.0.56-py3-none-manylinux_2_27_x86_64.whl (657.9 MB)
     ━━━━━━━━━━━━━━━━━━━━━━━━━━━━━━━━━━━━━━━━ 657.9/657.9 MB 64.8 MB/s  0:00:10
Collecting nvidia-cusparselt-cu12==0.7.1 (from torch)
  Downloading nvidia_cusparselt_cu12-0.7.1-py3-none-manylinux2014_x86_64.whl (287.2 MB)
     ━━━━━━━━━━━━━━━━━━━━━━━━━━━━━━━━━━━━━━━━ 287.2/287.2 MB 64.0 MB/s  0:00:04
Collecting nvidia-nccl-cu12==2.28.9 (from torch)
  Downloading nvidia_nccl_cu12-2.28.9-py3-none-manylinux_2_18_x86_64.whl (296.8 MB)
     ━━━━━━━━━━━━━━━━━━━━━━━━━━━━━━━━━━━━━━━━ 296.8/296.8 MB 68.2 MB/s  0:00:04
Collecting nvidia-nvshmem-cu12==3.4.5 (from torch)
  Downloading nvidia_nvshmem_cu12-3.4.5-py3-none-manylinux2014_x86_64.manylinux_2_17_x86_64.whl (139.1 MB)
     ━━━━━━━━━━━━━━━━━━━━━━━━━━━━━━━━━━━━━━━━ 139.1/139.1 MB 66.8 MB/s  0:00:02
Collecting triton==3.6.0 (from torch)
  Downloading triton-3.6.0-cp312-cp312-manylinux_2_27_x86_64.manylinux_2_28_x86_64.whl.metadata (1.7 kB)
Collecting nvidia-cublas-cu12==12.8.4.1.* (from cuda-toolkit[cublas,cudart,cufft,cufile,cupti,curand,cusolver,cusparse,nvjitlink,nvrtc,nvtx]==12.8.1; platform_system == "Linux"->torch)
  Downloading nvidia_cublas_cu12-12.8.4.1-py3-none-manylinux_2_27_x86_64.whl (594.3 MB)
     ━━━━━━━━━━━━━━━━━━━━━━━━━━━━━━━━━━━━━━━━ 594.3/594.3 MB 66.8 MB/s  0:00:08
Collecting nvidia-cuda-runtime-cu12==12.8.90.* (from cuda-toolkit[cublas,cudart,cufft,cufile,cupti,curand,cusolver,cusparse,nvjitlink,nvrtc,nvtx]==12.8.1; platform_system == "Linux"->torch)
  Downloading nvidia_cuda_runtime_cu12-12.8.90-py3-none-manylinux2014_x86_64.manylinux_2_17_x86_64.whl (954 kB)
     ━━━━━━━━━━━━━━━━━━━━━━━━━━━━━━━━━━━━━━━━ 954.8/954.8 kB 61.8 MB/s  0:00:00
Collecting nvidia-cufft-cu12==11.3.3.83.* (from cuda-toolkit[cublas,cudart,cufft,cufile,cupti,curand,cusolver,cusparse,nvjitlink,nvrtc,nvtx]==12.8.1; platform_system == "Linux"->torch)
  Downloading nvidia_cufft_cu12-11.3.3.83-py3-none-manylinux2014_x86_64.manylinux_2_17_x86_64.whl (193.1 MB)
     ━━━━━━━━━━━━━━━━━━━━━━━━━━━━━━━━━━━━━━━━ 193.1/193.1 MB 64.3 MB/s  0:00:02
Collecting nvidia-cufile-cu12==1.13.1.3.* (from cuda-toolkit[cublas,cudart,cufft,cufile,cupti,curand,cusolver,cusparse,nvjitlink,nvrtc,nvtx]==12.8.1; platform_system == "Linux"->torch)
  Downloading nvidia_cufile_cu12-1.13.1.3-py3-none-manylinux2014_x86_64.manylinux_2_17_x86_64.whl (1.2 MB)
     ━━━━━━━━━━━━━━━━━━━━━━━━━━━━━━━━━━━━━━━━ 1.2/1.2 MB 78.7 MB/s  0:00:00
Collecting nvidia-cuda-cupti-cu12==12.8.90.* (from cuda-toolkit[cublas,cudart,cufft,cufile,cupti,curand,cusolver,cusparse,nvjitlink,nvrtc,nvtx]==12.8.1; platform_system == "Linux"->torch)
  Downloading nvidia_cuda_cupti_cu12-12.8.90-py3-none-manylinux2014_x86_64.manylinux_2_17_x86_64.whl (10.2 MB)
     ━━━━━━━━━━━━━━━━━━━━━━━━━━━━━━━━━━━━━━━━ 10.2/10.2 MB 78.0 MB/s  0:00:00
Collecting nvidia-curand-cu12==10.3.9.90.* (from cuda-toolkit[cublas,cudart,cufft,cufile,cupti,curand,cusolver,cusparse,nvjitlink,nvrtc,nvtx]==12.8.1; platform_system == "Linux"->torch)
  Downloading nvidia_curand_cu12-10.3.9.90-py3-none-manylinux_2_27_x86_64.whl (63.6 MB)
     ━━━━━━━━━━━━━━━━━━━━━━━━━━━━━━━━━━━━━━━━ 63.6/63.6 MB 69.6 MB/s  0:00:00
Collecting nvidia-cusolver-cu12==11.7.3.90.* (from cuda-toolkit[cublas,cudart,cufft,cufile,cupti,curand,cusolver,cusparse,nvjitlink,nvrtc,nvtx]==12.8.1; platform_system == "Linux"->torch)
  Downloading nvidia_cusolver_cu12-11.7.3.90-py3-none-manylinux_2_27_x86_64.whl (267.5 MB)
     ━━━━━━━━━━━━━━━━━━━━━━━━━━━━━━━━━━━━━━━━ 267.5/267.5 MB 67.4 MB/s  0:00:03
Collecting nvidia-cusparse-cu12==12.5.8.93.* (from cuda-toolkit[cublas,cudart,cufft,cufile,cupti,curand,cusolver,cusparse,nvjitlink,nvrtc,nvtx]==12.8.1; platform_system == "Linux"->torch)
  Downloading nvidia_cusparse_cu12-12.5.8.93-py3-none-manylinux2014_x86_64.manylinux_2_17_x86_64.whl (288.2 MB)
     ━━━━━━━━━━━━━━━━━━━━━━━━━━━━━━━━━━━━━━━━ 288.2/288.2 MB 64.2 MB/s  0:00:04
Collecting nvidia-nvjitlink-cu12==12.8.93.* (from cuda-toolkit[cublas,cudart,cufft,cufile,cupti,curand,cusolver,cusparse,nvjitlink,nvrtc,nvtx]==12.8.1; platform_system == "Linux"->torch)
  Downloading nvidia_nvjitlink_cu12-12.8.93-py3-none-manylinux2010_x86_64.manylinux_2_12_x86_64.whl (39.3 MB)
     ━━━━━━━━━━━━━━━━━━━━━━━━━━━━━━━━━━━━━━━━ 39.3/39.3 MB 70.8 MB/s  0:00:00
Collecting nvidia-cuda-nvrtc-cu12==12.8.93.* (from cuda-toolkit[cublas,cudart,cufft,cufile,cupti,curand,cusolver,cusparse,nvjitlink,nvrtc,nvtx]==12.8.1; platform_system == "Linux"->torch)
  Downloading nvidia_cuda_nvrtc_cu12-12.8.93-py3-none-manylinux2010_x86_64.manylinux_2_12_x86_64.whl (88.0 MB)
     ━━━━━━━━━━━━━━━━━━━━━━━━━━━━━━━━━━━━━━━━ 88.0/88.0 MB 69.4 MB/s  0:00:01
Collecting nvidia-nvtx-cu12==12.8.90.* (from cuda-toolkit[cublas,cudart,cufft,cufile,cupti,curand,cusolver,cusparse,nvjitlink,nvrtc,nvtx]==12.8.1; platform_system == "Linux"->torch)
  Downloading nvidia_nvtx_cu12-12.8.90-py3-none-manylinux2014_x86_64.manylinux_2_17_x86_64.whl (89 kB)
Collecting cuda-pathfinder~=1.1 (from cuda-bindings<13,>=12.9.4->torch)
  Downloading cuda_pathfinder-1.6.0-py3-none-any.whl.metadata (1.9 kB)
Requirement already satisfied: numpy in /home/admin_wsl/miniforge3/envs/sih-ml/lib/python3.12/site-packages (from torchvision) (2.5.3)
Requirement already satisfied: pillow!=8.3.*,>=5.3.0 in /home/admin_wsl/miniforge3/envs/sih-ml/lib/python3.12/site-packages (from torchvision) (12.3.0)
Collecting mpmath<1.4,>=1.1.0 (from sympy>=1.13.3->torch)
  Downloading mpmath-1.3.0-py3-none-any.whl.metadata (8.6 kB)
Collecting MarkupSafe>=2.0 (from jinja2->torch)
  Downloading markupsafe-3.0.3-cp312-cp312-manylinux2014_x86_64.manylinux_2_17_x86_64.manylinux_2_28_x86_64.whl.metadata (2.7 kB)
Downloading torch-2.11.0%2Bcu128-cp312-cp312-manylinux_2_28_x86_64.whl (820.3 MB)
   ━━━━━━━━━━━━━━━━━━━━━━━━━━━━━━━━━━━━━━━━ 820.3/820.3 MB 35.3 MB/s  0:00:15
Downloading triton-3.6.0-cp312-cp312-manylinux_2_27_x86_64.manylinux_2_28_x86_64.whl (188.3 MB)
   ━━━━━━━━━━━━━━━━━━━━━━━━━━━━━━━━━━━━━━━━ 188.3/188.3 MB 65.8 MB/s  0:00:02
Downloading cuda_bindings-12.9.7-cp312-cp312-manylinux_2_24_x86_64.manylinux_2_28_x86_64.whl (7.6 MB)
   ━━━━━━━━━━━━━━━━━━━━━━━━━━━━━━━━━━━━━━━━ 7.6/7.6 MB 57.2 MB/s  0:00:00
Downloading cuda_pathfinder-1.6.0-py3-none-any.whl (54 kB)
Downloading setuptools-78.1.0-py3-none-any.whl (1.3 MB)
   ━━━━━━━━━━━━━━━━━━━━━━━━━━━━━━━━━━━━━━━━ 1.3/1.3 MB 74.8 MB/s  0:00:00
Downloading torchvision-0.26.0%2Bcu128-cp312-cp312-manylinux_2_28_x86_64.whl (8.1 MB)
   ━━━━━━━━━━━━━━━━━━━━━━━━━━━━━━━━━━━━━━━━ 8.1/8.1 MB 72.9 MB/s  0:00:00
Downloading fsspec-2026.7.0-py3-none-any.whl (206 kB)
Downloading networkx-3.6.1-py3-none-any.whl (2.1 MB)
   ━━━━━━━━━━━━━━━━━━━━━━━━━━━━━━━━━━━━━━━━ 2.1/2.1 MB 53.3 MB/s  0:00:00
Downloading sympy-1.14.0-py3-none-any.whl (6.3 MB)
   ━━━━━━━━━━━━━━━━━━━━━━━━━━━━━━━━━━━━━━━━ 6.3/6.3 MB 57.5 MB/s  0:00:00
Downloading mpmath-1.3.0-py3-none-any.whl (536 kB)
   ━━━━━━━━━━━━━━━━━━━━━━━━━━━━━━━━━━━━━━━━ 536.2/536.2 kB 41.3 MB/s  0:00:00
Downloading typing_extensions-4.16.0-py3-none-any.whl (45 kB)
Downloading filelock-3.32.3-py3-none-any.whl (98 kB)
Downloading jinja2-3.1.6-py3-none-any.whl (134 kB)
Downloading markupsafe-3.0.3-cp312-cp312-manylinux2014_x86_64.manylinux_2_17_x86_64.manylinux_2_28_x86_64.whl (22 kB)
Installing collected packages: nvidia-cusparselt-cu12, mpmath, cuda-toolkit, typing-extensions, triton, sympy, setuptools, nvidia-nvtx-cu12, nvidia-nvshmem-cu12, nvidia-nvjitlink-cu12, nvidia-nccl-cu12, nvidia-curand-cu12, nvidia-cufile-cu12, nvidia-cuda-runtime-cu12, nvidia-cuda-nvrtc-cu12, nvidia-cuda-cupti-cu12, nvidia-cublas-cu12, networkx, MarkupSafe, fsspec, filelock, cuda-pathfinder, nvidia-cusparse-cu12, nvidia-cufft-cu12, nvidia-cudnn-cu12, jinja2, cuda-bindings, nvidia-cusolver-cu12, torch, torchvision
  Attempting uninstall: setuptools
    Found existing installation: setuptools 84.0.0
    Uninstalling setuptools-84.0.0:
      Successfully uninstalled setuptools-84.0.0

Successfully installed MarkupSafe-3.0.3 cuda-bindings-12.9.7 cuda-pathfinder-1.6.0 cuda-toolkit-12.8.1 filelock-3.32.3 fsspec-2026.7.0 jinja2-3.1.6 mpmath-1.3.0 networkx-3.6.1 nvidia-cublas-cu12-12.8.4.1 nvidia-cuda-cupti-cu12-12.8.90 nvidia-cuda-nvrtc-cu12-12.8.93 nvidia-cuda-runtime-cu12-12.8.90 nvidia-cudnn-cu12-9.19.0.56 nvidia-cufft-cu12-11.3.3.83 nvidia-cufile-cu12-1.13.1.3 nvidia-curand-cu12-10.3.9.90 nvidia-cusolver-cu12-11.7.3.90 nvidia-cusparse-cu12-12.5.8.93 nvidia-cusparselt-cu12-0.7.1 nvidia-nccl-cu12-2.28.9 nvidia-nvjitlink-cu12-12.8.93 nvidia-nvshmem-cu12-3.4.5 nvidia-nvtx-cu12-12.8.90 setuptools-78.1.0 sympy-1.14.0 torch-2.11.0+cu128 torchvision-0.26.0+cu128 triton-3.6.0 typing-extensions-4.16.0
Collecting segmentation-models-pytorch
  Downloading segmentation_models_pytorch-0.5.0-py3-none-any.whl.metadata (17 kB)
Collecting timm
  Downloading timm-1.0.30-py3-none-any.whl.metadata (33 kB)
Collecting huggingface-hub>=0.24 (from segmentation-models-pytorch)
  Downloading huggingface_hub-2.0.0-py3-none-any.whl.metadata (16 kB)
Requirement already satisfied: numpy>=1.19.3 in /home/admin_wsl/miniforge3/envs/sih-ml/lib/python3.12/site-packages (from segmentation-models-pytorch) (2.5.3)
Requirement already satisfied: pillow>=8 in /home/admin_wsl/miniforge3/envs/sih-ml/lib/python3.12/site-packages (from segmentation-models-pytorch) (12.3.0)
Collecting safetensors>=0.3.1 (from segmentation-models-pytorch)
  Downloading safetensors-0.8.0-cp310-abi3-manylinux_2_17_x86_64.manylinux2014_x86_64.whl.metadata (4.2 kB)
Requirement already satisfied: torch>=1.8 in /home/admin_wsl/miniforge3/envs/sih-ml/lib/python3.12/site-packages (from segmentation-models-pytorch) (2.11.0+cu128)
Requirement already satisfied: torchvision>=0.9 in /home/admin_wsl/miniforge3/envs/sih-ml/lib/python3.12/site-packages (from segmentation-models-pytorch) (0.26.0+cu128)
Collecting tqdm>=4.42.1 (from segmentation-models-pytorch)
  Downloading tqdm-4.70.1-py3-none-any.whl.metadata (57 kB)
Collecting pyyaml (from timm)
  Downloading pyyaml-6.0.3-cp312-cp312-manylinux2014_x86_64.manylinux_2_17_x86_64.manylinux_2_28_x86_64.whl.metadata (2.4 kB)
Collecting click<9.0.0,>=8.4.2 (from huggingface-hub>=0.24->segmentation-models-pytorch)
  Using cached click-8.5.0-py3-none-any.whl.metadata (2.6 kB)
Requirement already satisfied: filelock>=3.10.0 in /home/admin_wsl/miniforge3/envs/sih-ml/lib/python3.12/site-packages (from huggingface-hub>=0.24->segmentation-models-pytorch) (3.32.3)
Requirement already satisfied: fsspec>=2023.5.0 in /home/admin_wsl/miniforge3/envs/sih-ml/lib/python3.12/site-packages (from huggingface-hub>=0.24->segmentation-models-pytorch) (2026.7.0)
Collecting hf-xet<2.0.0,>=1.6.0 (from huggingface-hub>=0.24->segmentation-models-pytorch)
  Downloading hf_xet-1.6.0-cp38-abi3-manylinux2014_x86_64.manylinux_2_17_x86_64.whl.metadata (4.9 kB)
Collecting httpx2<3,>=2.0.0 (from huggingface-hub>=0.24->segmentation-models-pytorch)
  Downloading httpx2-2.13.1-py3-none-any.whl.metadata (9.8 kB)
Requirement already satisfied: packaging>=20.9 in /home/admin_wsl/miniforge3/envs/sih-ml/lib/python3.12/site-packages (from huggingface-hub>=0.24->segmentation-models-pytorch) (26.3)
Requirement already satisfied: typing-extensions>=4.1.0 in /home/admin_wsl/miniforge3/envs/sih-ml/lib/python3.12/site-packages (from huggingface-hub>=0.24->segmentation-models-pytorch) (4.16.0)
Collecting anyio>=4.10 (from httpx2<3,>=2.0.0->huggingface-hub>=0.24->segmentation-models-pytorch)
  Downloading anyio-4.15.1-py3-none-any.whl.metadata (4.7 kB)
Collecting httpcore2==2.13.1 (from httpx2<3,>=2.0.0->huggingface-hub>=0.24->segmentation-models-pytorch)
  Downloading httpcore2-2.13.1-py3-none-any.whl.metadata (26 kB)
Collecting idna>=3.18 (from httpx2<3,>=2.0.0->huggingface-hub>=0.24->segmentation-models-pytorch)
  Downloading idna-3.20-py3-none-any.whl.metadata (7.2 kB)
Collecting truststore>=0.10 (from httpx2<3,>=2.0.0->huggingface-hub>=0.24->segmentation-models-pytorch)
  Downloading truststore-0.10.4-py3-none-any.whl.metadata (4.4 kB)
Collecting h11>=0.16 (from httpcore2==2.13.1->httpx2<3,>=2.0.0->huggingface-hub>=0.24->segmentation-models-pytorch)
  Downloading h11-0.16.0-py3-none-any.whl.metadata (8.3 kB)
Requirement already satisfied: setuptools<82 in /home/admin_wsl/miniforge3/envs/sih-ml/lib/python3.12/site-packages (from torch>=1.8->segmentation-models-pytorch) (78.1.0)
Requirement already satisfied: sympy>=1.13.3 in /home/admin_wsl/miniforge3/envs/sih-ml/lib/python3.12/site-packages (from torch>=1.8->segmentation-models-pytorch) (1.14.0)
Requirement already satisfied: networkx>=2.5.1 in /home/admin_wsl/miniforge3/envs/sih-ml/lib/python3.12/site-packages (from torch>=1.8->segmentation-models-pytorch) (3.6.1)
Requirement already satisfied: jinja2 in /home/admin_wsl/miniforge3/envs/sih-ml/lib/python3.12/site-packages (from torch>=1.8->segmentation-models-pytorch) (3.1.6)
Requirement already satisfied: cuda-toolkit==12.8.1 in /home/admin_wsl/miniforge3/envs/sih-ml/lib/python3.12/site-packages (from cuda-toolkit[cublas,cudart,cufft,cufile,cupti,curand,cusolver,cusparse,nvjitlink,nvrtc,nvtx]==12.8.1; platform_system == "Linux"->torch>=1.8->segmentation-models-pytorch) (12.8.1)
Requirement already satisfied: cuda-bindings<13,>=12.9.4 in /home/admin_wsl/miniforge3/envs/sih-ml/lib/python3.12/site-packages (from torch>=1.8->segmentation-models-pytorch) (12.9.7)
Requirement already satisfied: nvidia-cudnn-cu12==9.19.0.56 in /home/admin_wsl/miniforge3/envs/sih-ml/lib/python3.12/site-packages (from torch>=1.8->segmentation-models-pytorch) (9.19.0.56)
Requirement already satisfied: nvidia-cusparselt-cu12==0.7.1 in /home/admin_wsl/miniforge3/envs/sih-ml/lib/python3.12/site-packages (from torch>=1.8->segmentation-models-pytorch) (0.7.1)
Requirement already satisfied: nvidia-nccl-cu12==2.28.9 in /home/admin_wsl/miniforge3/envs/sih-ml/lib/python3.12/site-packages (from torch>=1.8->segmentation-models-pytorch) (2.28.9)
Requirement already satisfied: nvidia-nvshmem-cu12==3.4.5 in /home/admin_wsl/miniforge3/envs/sih-ml/lib/python3.12/site-packages (from torch>=1.8->segmentation-models-pytorch) (3.4.5)
Requirement already satisfied: triton==3.6.0 in /home/admin_wsl/miniforge3/envs/sih-ml/lib/python3.12/site-packages (from torch>=1.8->segmentation-models-pytorch) (3.6.0)
Requirement already satisfied: nvidia-cublas-cu12==12.8.4.1.* in /home/admin_wsl/miniforge3/envs/sih-ml/lib/python3.12/site-packages (from cuda-toolkit[cublas,cudart,cufft,cufile,cupti,curand,cusolver,cusparse,nvjitlink,nvrtc,nvtx]==12.8.1; platform_system == "Linux"->torch>=1.8->segmentation-models-pytorch) (12.8.4.1)
Requirement already satisfied: nvidia-cuda-runtime-cu12==12.8.90.* in /home/admin_wsl/miniforge3/envs/sih-ml/lib/python3.12/site-packages (from cuda-toolkit[cublas,cudart,cufft,cufile,cupti,curand,cusolver,cusparse,nvjitlink,nvrtc,nvtx]==12.8.1; platform_system == "Linux"->torch>=1.8->segmentation-models-pytorch) (12.8.90)
Requirement already satisfied: nvidia-cufft-cu12==11.3.3.83.* in /home/admin_wsl/miniforge3/envs/sih-ml/lib/python3.12/site-packages (from cuda-toolkit[cublas,cudart,cufft,cufile,cupti,curand,cusolver,cusparse,nvjitlink,nvrtc,nvtx]==12.8.1; platform_system == "Linux"->torch>=1.8->segmentation-models-pytorch) (11.3.3.83)
Requirement already satisfied: nvidia-cufile-cu12==1.13.1.3.* in /home/admin_wsl/miniforge3/envs/sih-ml/lib/python3.12/site-packages (from cuda-toolkit[cublas,cudart,cufft,cufile,cupti,curand,cusolver,cusparse,nvjitlink,nvrtc,nvtx]==12.8.1; platform_system == "Linux"->torch>=1.8->segmentation-models-pytorch) (1.13.1.3)
Requirement already satisfied: nvidia-cuda-cupti-cu12==12.8.90.* in /home/admin_wsl/miniforge3/envs/sih-ml/lib/python3.12/site-packages (from cuda-toolkit[cublas,cudart,cufft,cufile,cupti,curand,cusolver,cusparse,nvjitlink,nvrtc,nvtx]==12.8.1; platform_system == "Linux"->torch>=1.8->segmentation-models-pytorch) (12.8.90)
Requirement already satisfied: nvidia-curand-cu12==10.3.9.90.* in /home/admin_wsl/miniforge3/envs/sih-ml/lib/python3.12/site-packages (from cuda-toolkit[cublas,cudart,cufft,cufile,cupti,curand,cusolver,cusparse,nvjitlink,nvrtc,nvtx]==12.8.1; platform_system == "Linux"->torch>=1.8->segmentation-models-pytorch) (10.3.9.90)
Requirement already satisfied: nvidia-cusolver-cu12==11.7.3.90.* in /home/admin_wsl/miniforge3/envs/sih-ml/lib/python3.12/site-packages (from cuda-toolkit[cublas,cudart,cufft,cufile,cupti,curand,cusolver,cusparse,nvjitlink,nvrtc,nvtx]==12.8.1; platform_system == "Linux"->torch>=1.8->segmentation-models-pytorch) (11.7.3.90)
Requirement already satisfied: nvidia-cusparse-cu12==12.5.8.93.* in /home/admin_wsl/miniforge3/envs/sih-ml/lib/python3.12/site-packages (from cuda-toolkit[cublas,cudart,cufft,cufile,cupti,curand,cusolver,cusparse,nvjitlink,nvrtc,nvtx]==12.8.1; platform_system == "Linux"->torch>=1.8->segmentation-models-pytorch) (12.5.8.93)
Requirement already satisfied: nvidia-nvjitlink-cu12==12.8.93.* in /home/admin_wsl/miniforge3/envs/sih-ml/lib/python3.12/site-packages (from cuda-toolkit[cublas,cudart,cufft,cufile,cupti,curand,cusolver,cusparse,nvjitlink,nvrtc,nvtx]==12.8.1; platform_system == "Linux"->torch>=1.8->segmentation-models-pytorch) (12.8.93)
Requirement already satisfied: nvidia-cuda-nvrtc-cu12==12.8.93.* in /home/admin_wsl/miniforge3/envs/sih-ml/lib/python3.12/site-packages (from cuda-toolkit[cublas,cudart,cufft,cufile,cupti,curand,cusolver,cusparse,nvjitlink,nvrtc,nvtx]==12.8.1; platform_system == "Linux"->torch>=1.8->segmentation-models-pytorch) (12.8.93)
Requirement already satisfied: nvidia-nvtx-cu12==12.8.90.* in /home/admin_wsl/miniforge3/envs/sih-ml/lib/python3.12/site-packages (from cuda-toolkit[cublas,cudart,cufft,cufile,cupti,curand,cusolver,cusparse,nvjitlink,nvrtc,nvtx]==12.8.1; platform_system == "Linux"->torch>=1.8->segmentation-models-pytorch) (12.8.90)
Requirement already satisfied: cuda-pathfinder~=1.1 in /home/admin_wsl/miniforge3/envs/sih-ml/lib/python3.12/site-packages (from cuda-bindings<13,>=12.9.4->torch>=1.8->segmentation-models-pytorch) (1.6.0)
Requirement already satisfied: mpmath<1.4,>=1.1.0 in /home/admin_wsl/miniforge3/envs/sih-ml/lib/python3.12/site-packages (from sympy>=1.13.3->torch>=1.8->segmentation-models-pytorch) (1.3.0)
Requirement already satisfied: MarkupSafe>=2.0 in /home/admin_wsl/miniforge3/envs/sih-ml/lib/python3.12/site-packages (from jinja2->torch>=1.8->segmentation-models-pytorch) (3.0.3)
Downloading segmentation_models_pytorch-0.5.0-py3-none-any.whl (154 kB)
Downloading timm-1.0.30-py3-none-any.whl (2.7 MB)
   ━━━━━━━━━━━━━━━━━━━━━━━━━━━━━━━━━━━━━━━━ 2.7/2.7 MB 49.3 MB/s  0:00:00
Downloading huggingface_hub-2.0.0-py3-none-any.whl (828 kB)
   ━━━━━━━━━━━━━━━━━━━━━━━━━━━━━━━━━━━━━━━━ 828.5/828.5 kB 43.7 MB/s  0:00:00
Using cached click-8.5.0-py3-none-any.whl (125 kB)
Downloading hf_xet-1.6.0-cp38-abi3-manylinux2014_x86_64.manylinux_2_17_x86_64.whl (4.5 MB)
   ━━━━━━━━━━━━━━━━━━━━━━━━━━━━━━━━━━━━━━━━ 4.5/4.5 MB 58.5 MB/s  0:00:00
Downloading httpx2-2.13.1-py3-none-any.whl (95 kB)
Downloading httpcore2-2.13.1-py3-none-any.whl (83 kB)
Downloading anyio-4.15.1-py3-none-any.whl (132 kB)
Downloading h11-0.16.0-py3-none-any.whl (37 kB)
Downloading idna-3.20-py3-none-any.whl (69 kB)
Downloading pyyaml-6.0.3-cp312-cp312-manylinux2014_x86_64.manylinux_2_17_x86_64.manylinux_2_28_x86_64.whl (807 kB)
   ━━━━━━━━━━━━━━━━━━━━━━━━━━━━━━━━━━━━━━━━ 807.9/807.9 kB 43.6 MB/s  0:00:00
Downloading safetensors-0.8.0-cp310-abi3-manylinux_2_17_x86_64.manylinux2014_x86_64.whl (516 kB)
Downloading tqdm-4.70.1-py3-none-any.whl (80 kB)
Downloading truststore-0.10.4-py3-none-any.whl (18 kB)
Installing collected packages: truststore, tqdm, safetensors, pyyaml, idna, hf-xet, h11, click, httpcore2, anyio, httpx2, huggingface-hub, timm, segmentation-models-pytorch

Successfully installed anyio-4.15.1 click-8.5.0 h11-0.16.0 hf-xet-1.6.0 httpcore2-2.13.1 httpx2-2.13.1 huggingface-hub-2.0.0 idna-3.20 pyyaml-6.0.3 safetensors-0.8.0 segmentation-models-pytorch-0.5.0 timm-1.0.30 tqdm-4.70.1 truststore-0.10.4
