cached 3020 tiles -> /home/admin_wsl/SIH26143/data/sar/cache/v1
	Command being timed: "python scripts/sar_build_cache.py"
	User time (seconds): 1219.90
	System time (seconds): 346.23
	Percent of CPU this job got: 1164%
	Elapsed (wall clock) time (h:mm:ss or m:ss): 2:14.54
	Average shared text size (kbytes): 0
	Average unshared data size (kbytes): 0
	Average stack size (kbytes): 0
	Average total size (kbytes): 0
	Maximum resident set size (kbytes): 356532
	Average resident set size (kbytes): 0
	Major (requiring I/O) page faults: 93631
	Minor (reclaiming a frame) page faults: 36570280
	Voluntary context switches: 143928
	Involuntary context switches: 42949
	Swaps: 0
	File system inputs: 251269640
	File system outputs: 23233848
	Socket messages sent: 0
	Socket messages received: 0
	Signals delivered: 0
	Page size (bytes): 4096
	Exit status: 0
exit=0
