{
 "trajectory_envelope": {
  "west": -90.58070373535156,
  "south": 26.69392967224121,
  "east": -88.49755096435547,
  "north": 28.22686195373535
 },
 "buffered_box": {
  "west": -92.58070373535156,
  "south": 24.69392967224121,
  "east": -86.49755096435547,
  "north": 30.22686195373535
 },
 "requested_bounds": {
  "west": -92.75,
  "south": 24.5,
  "east": -86.25,
  "north": 30.25
 },
 "expected_native": {
  "smoc": {
   "lon": [
    -92.75,
    -86.25
   ],
   "lat": [
    24.5,
    30.25
   ],
   "n_lon": 79,
   "n_lat": 70,
   "step": "1/12 deg"
  },
  "era5": {
   "lon": [
    -92.75,
    -86.25
   ],
   "lat": [
    30.25,
    24.5
   ],
   "n_lon": 27,
   "n_lat": 24,
   "step": "0.25 deg"
  }
 }
}
