{
 "workers": 3,
 "cpu_count": 20,
 "mem_total_mb": 15668.48828125,
 "wall_s": 926.791078883005,
 "return_codes": {
  "E007-C2": 0,
  "E007-C3": 0,
  "E007-C4": 0,
  "E007-C5": 0,
  "E007-C6": 0,
  "E007-C7": 0,
  "E007-C8": 0,
  "E007-C9": 0,
  "E007-C10": 0,
  "E007-C12": 0,
  "E007-C14": 0,
  "E007-C16": 0,
  "E007-C17": 0,
  "E007-C18": 0,
  "E007-C19": 0,
  "E007-C21": 0,
  "E007-C23": 0,
  "E007-C24": 0,
  "E007-C25": 0,
  "E007-C26": 0,
  "E007-C27": 0,
  "E007-C28": 0,
  "E007-C29": 0,
  "E007-C30": 0,
  "E007-C31": 0,
  "E007-C33": 0,
  "E007-C34": 0,
  "E007-C35": 0,
  "E007-C36": 0,
  "E007-C37": 0,
  "E007-C38": 0,
  "E007-C39": 0,
  "E007-C40": 0,
  "E007-C41": 0,
  "E007-C43": 0,
  "E007-C44": 0,
  "E007-C45": 0,
  "E007-C46": 0,
  "E007-C47": 0,
  "E007-C48": 0,
  "E007-C49": 0,
  "E007-C1": 0
 },
 "n_candidates_run": 41,
 "min_available_mb_during_run": 6071.5703125,
 "swap_used_mb_before": 73.921875,
 "max_swap_used_mb_during_run": 73.921875,
 "peak_rss_mb_per_candidate_process": {
  "E007-C2": 2584.49609375,
  "E007-C3": 2584.125,
  "E007-C4": 2586.09375,
  "E007-C5": 2586.1484375,
  "E007-C6": 2588.421875,
  "E007-C7": 2585.65234375,
  "E007-C8": 2585.56640625,
  "E007-C9": 2589.66796875,
  "E007-C10": 2589.265625,
  "E007-C12": 2585.6484375,
  "E007-C14": 2586.5078125,
  "E007-C16": 2588.2421875,
  "E007-C17": 2587.9453125,
  "E007-C18": 2588.09375,
  "E007-C19": 2585.22265625,
  "E007-C21": 2588.703125,
  "E007-C23": 2589.796875,
  "E007-C24": 2588.1875,
  "E007-C25": 2585.6953125,
  "E007-C26": 2589.875,
  "E007-C27": 2587.38671875,
  "E007-C28": 2588.69140625,
  "E007-C29": 2587.984375,
  "E007-C30": 2586.96875,
  "E007-C31": 2586.828125,
  "E007-C33": 2589.71875,
  "E007-C34": 2588.20703125,
  "E007-C35": 2585.48046875,
  "E007-C36": 2586.4609375,
  "E007-C37": 2585.44140625,
  "E007-C38": 2588.98046875,
  "E007-C39": 2586.3515625,
  "E007-C40": 2588.6484375,
  "E007-C41": 2586.4609375,
  "E007-C43": 2589.3203125,
  "E007-C44": 2586.74609375,
  "E007-C45": 2585.6171875,
  "E007-C46": 2586.953125,
  "E007-C47": 2589.3359375,
  "E007-C48": 2585.22265625,
  "E007-C49": 2587.9140625
 },
 "determinism_check": {
  "candidate": "E007-C1",
  "rerun_in_parallel_pool": true,
  "particle_table_identical_to_pilot": true
 }
}
