{
 "candidate_id": "E007-C1",
 "selection_rule": "smallest retained component_id (software smoke test, not an attribution choice)",
 "passed": true,
 "checks": {
  "n_scenarios_27": true,
  "seeded_400_all": true,
  "times_49_all": true,
  "reached_minus48h_all": true,
  "no_deactivations": true,
  "no_current_exit": true,
  "no_wind_exit": true,
  "no_fallback_zero": true,
  "parameters_match_frozen_grid": true,
  "seeds_match_frozen_formula": true,
  "frozen_files_unchanged": true,
  "all_physics_valid": true
 },
 "process_wall_s": 61.35926676600502,
 "candidate_total_runtime_s": 57.240759088999766,
 "scenario_runtime_s": {
  "sum": 55.168885352984944,
  "mean": 2.0432920501105536,
  "median": 1.9223742879985366,
  "min": 1.8901795989950188,
  "max": 5.051204948002123,
  "p90": 1.9771259214030579,
  "per_scenario": [
   5.051204948002123,
   1.9143397820007522,
   1.8977143679949222,
   1.9118655729980674,
   1.9622026470024139,
   1.932778916998359,
   1.8984177149977768,
   1.9223742879985366,
   1.958791351004038,
   1.890510509001615,
   1.8901795989950188,
   1.891874432003533,
   1.9201646009969409,
   1.9371422749973135,
   1.9369878289944609,
   1.9348671580009977,
   1.9172066729952348,
   1.930437682000047,
   1.9249838020041352,
   1.9131821539995144,
   1.909635204996448,
   1.9149074559973087,
   1.9404082699984428,
   1.93576017000305,
   1.9086840309973923,
   1.9995108330040239,
   2.0227530850024777
  ]
 },
 "peak_rss_mb": 2585.265625,
 "estimated_serial_runtime_h": 0.6436369957848244,
 "estimate_formula": "C1 mean scenario runtime * 27 * 42",
 "continue_automatically": true
}
